// Jest Snapshot v1, https://jestjs.io/docs/snapshot-testing

exports[`Product Page renders product page correctly - snapshot 1`] = `
{
  "asFragment": [Function],
  "baseElement": <body>
    <div>
      <div>
        <h1
          data-testid="product-title"
        >
          Halaman Produk
        </h1>
        <div
          style="display: grid; grid-template-columns: repeat(4, 1fr); gap: 16px; padding: 16px;"
        >
          <div
            style="border-radius: 10px; border: 1px solid rgb(224, 224, 224); padding: 12px; background-color: rgb(255, 255, 255);"
          >
            <div
              style="width: 100%; height: 200px; border-radius: 8px; margin-bottom: 12px; background: linear-gradient(90deg, #eee, #f5f5f5, #eee); background-size: 200% 100%; animation: shimmer 1.5s infinite;"
            />
            <div
              style="width: 80%; height: 16px; border-radius: 4px; margin-bottom: 8px; background: linear-gradient(90deg, #eee, #f5f5f5, #eee); background-size: 200% 100%; animation: shimmer 1.5s infinite;"
            />
            <div
              style="width: 50%; height: 14px; border-radius: 4px; background: linear-gradient(90deg, #eee, #f5f5f5, #eee); background-size: 200% 100%; animation: shimmer 1.5s infinite;"
            />
          </div>
          <div
            style="border-radius: 10px; border: 1px solid rgb(224, 224, 224); padding: 12px; background-color: rgb(255, 255, 255);"
          >
            <div
              style="width: 100%; height: 200px; border-radius: 8px; margin-bottom: 12px; background: linear-gradient(90deg, #eee, #f5f5f5, #eee); background-size: 200% 100%; animation: shimmer 1.5s infinite;"
            />
            <div
              style="width: 80%; height: 16px; border-radius: 4px; margin-bottom: 8px; background: linear-gradient(90deg, #eee, #f5f5f5, #eee); background-size: 200% 100%; animation: shimmer 1.5s infinite;"
            />
            <div
              style="width: 50%; height: 14px; border-radius: 4px; background: linear-gradient(90deg, #eee, #f5f5f5, #eee); background-size: 200% 100%; animation: shimmer 1.5s infinite;"
            />
          </div>
          <div
            style="border-radius: 10px; border: 1px solid rgb(224, 224, 224); padding: 12px; background-color: rgb(255, 255, 255);"
          >
            <div
              style="width: 100%; height: 200px; border-radius: 8px; margin-bottom: 12px; background: linear-gradient(90deg, #eee, #f5f5f5, #eee); background-size: 200% 100%; animation: shimmer 1.5s infinite;"
            />
            <div
              style="width: 80%; height: 16px; border-radius: 4px; margin-bottom: 8px; background: linear-gradient(90deg, #eee, #f5f5f5, #eee); background-size: 200% 100%; animation: shimmer 1.5s infinite;"
            />
            <div
              style="width: 50%; height: 14px; border-radius: 4px; background: linear-gradient(90deg, #eee, #f5f5f5, #eee); background-size: 200% 100%; animation: shimmer 1.5s infinite;"
            />
          </div>
          <div
            style="border-radius: 10px; border: 1px solid rgb(224, 224, 224); padding: 12px; background-color: rgb(255, 255, 255);"
          >
            <div
              style="width: 100%; height: 200px; border-radius: 8px; margin-bottom: 12px; background: linear-gradient(90deg, #eee, #f5f5f5, #eee); background-size: 200% 100%; animation: shimmer 1.5s infinite;"
            />
            <div
              style="width: 80%; height: 16px; border-radius: 4px; margin-bottom: 8px; background: linear-gradient(90deg, #eee, #f5f5f5, #eee); background-size: 200% 100%; animation: shimmer 1.5s infinite;"
            />
            <div
              style="width: 50%; height: 14px; border-radius: 4px; background: linear-gradient(90deg, #eee, #f5f5f5, #eee); background-size: 200% 100%; animation: shimmer 1.5s infinite;"
            />
          </div>
          <style>
            
        @keyframes shimmer {
          0% { background-position: -200% 0; }
          100% { background-position: 200% 0; }
        }
      
          </style>
        </div>
      </div>
    </div>
  </body>,
  "container": <div>
    <div>
      <h1
        data-testid="product-title"
      >
        Halaman Produk
      </h1>
      <div
        style="display: grid; grid-template-columns: repeat(4, 1fr); gap: 16px; padding: 16px;"
      >
        <div
          style="border-radius: 10px; border: 1px solid rgb(224, 224, 224); padding: 12px; background-color: rgb(255, 255, 255);"
        >
          <div
            style="width: 100%; height: 200px; border-radius: 8px; margin-bottom: 12px; background: linear-gradient(90deg, #eee, #f5f5f5, #eee); background-size: 200% 100%; animation: shimmer 1.5s infinite;"
          />
          <div
            style="width: 80%; height: 16px; border-radius: 4px; margin-bottom: 8px; background: linear-gradient(90deg, #eee, #f5f5f5, #eee); background-size: 200% 100%; animation: shimmer 1.5s infinite;"
          />
          <div
            style="width: 50%; height: 14px; border-radius: 4px; background: linear-gradient(90deg, #eee, #f5f5f5, #eee); background-size: 200% 100%; animation: shimmer 1.5s infinite;"
          />
        </div>
        <div
          style="border-radius: 10px; border: 1px solid rgb(224, 224, 224); padding: 12px; background-color: rgb(255, 255, 255);"
        >
          <div
            style="width: 100%; height: 200px; border-radius: 8px; margin-bottom: 12px; background: linear-gradient(90deg, #eee, #f5f5f5, #eee); background-size: 200% 100%; animation: shimmer 1.5s infinite;"
          />
          <div
            style="width: 80%; height: 16px; border-radius: 4px; margin-bottom: 8px; background: linear-gradient(90deg, #eee, #f5f5f5, #eee); background-size: 200% 100%; animation: shimmer 1.5s infinite;"
          />
          <div
            style="width: 50%; height: 14px; border-radius: 4px; background: linear-gradient(90deg, #eee, #f5f5f5, #eee); background-size: 200% 100%; animation: shimmer 1.5s infinite;"
          />
        </div>
        <div
          style="border-radius: 10px; border: 1px solid rgb(224, 224, 224); padding: 12px; background-color: rgb(255, 255, 255);"
        >
          <div
            style="width: 100%; height: 200px; border-radius: 8px; margin-bottom: 12px; background: linear-gradient(90deg, #eee, #f5f5f5, #eee); background-size: 200% 100%; animation: shimmer 1.5s infinite;"
          />
          <div
            style="width: 80%; height: 16px; border-radius: 4px; margin-bottom: 8px; background: linear-gradient(90deg, #eee, #f5f5f5, #eee); background-size: 200% 100%; animation: shimmer 1.5s infinite;"
          />
          <div
            style="width: 50%; height: 14px; border-radius: 4px; background: linear-gradient(90deg, #eee, #f5f5f5, #eee); background-size: 200% 100%; animation: shimmer 1.5s infinite;"
          />
        </div>
        <div
          style="border-radius: 10px; border: 1px solid rgb(224, 224, 224); padding: 12px; background-color: rgb(255, 255, 255);"
        >
          <div
            style="width: 100%; height: 200px; border-radius: 8px; margin-bottom: 12px; background: linear-gradient(90deg, #eee, #f5f5f5, #eee); background-size: 200% 100%; animation: shimmer 1.5s infinite;"
          />
          <div
            style="width: 80%; height: 16px; border-radius: 4px; margin-bottom: 8px; background: linear-gradient(90deg, #eee, #f5f5f5, #eee); background-size: 200% 100%; animation: shimmer 1.5s infinite;"
          />
          <div
            style="width: 50%; height: 14px; border-radius: 4px; background: linear-gradient(90deg, #eee, #f5f5f5, #eee); background-size: 200% 100%; animation: shimmer 1.5s infinite;"
          />
        </div>
        <style>
          
        @keyframes shimmer {
          0% { background-position: -200% 0; }
          100% { background-position: 200% 0; }
        }
      
        </style>
      </div>
    </div>
  </div>,
  "debug": [Function],
  "findAllByAltText": [Function],
  "findAllByDisplayValue": [Function],
  "findAllByLabelText": [Function],
  "findAllByPlaceholderText": [Function],
  "findAllByRole": [Function],
  "findAllByTestId": [Function],
  "findAllByText": [Function],
  "findAllByTitle": [Function],
  "findByAltText": [Function],
  "findByDisplayValue": [Function],
  "findByLabelText": [Function],
  "findByPlaceholderText": [Function],
  "findByRole": [Function],
  "findByTestId": [Function],
  "findByText": [Function],
  "findByTitle": [Function],
  "getAllByAltText": [Function],
  "getAllByDisplayValue": [Function],
  "getAllByLabelText": [Function],
  "getAllByPlaceholderText": [Function],
  "getAllByRole": [Function],
  "getAllByTestId": [Function],
  "getAllByText": [Function],
  "getAllByTitle": [Function],
  "getByAltText": [Function],
  "getByDisplayValue": [Function],
  "getByLabelText": [Function],
  "getByPlaceholderText": [Function],
  "getByRole": [Function],
  "getByTestId": [Function],
  "getByText": [Function],
  "getByTitle": [Function],
  "queryAllByAltText": [Function],
  "queryAllByDisplayValue": [Function],
  "queryAllByLabelText": [Function],
  "queryAllByPlaceholderText": [Function],
  "queryAllByRole": [Function],
  "queryAllByTestId": [Function],
  "queryAllByText": [Function],
  "queryAllByTitle": [Function],
  "queryByAltText": [Function],
  "queryByDisplayValue": [Function],
  "queryByLabelText": [Function],
  "queryByPlaceholderText": [Function],
  "queryByRole": [Function],
  "queryByTestId": [Function],
  "queryByText": [Function],
  "queryByTitle": [Function],
  "rerender": [Function],
  "unmount": [Function],
}
`;
